
optiboot_babyduino8_nc.elf:     file format elf32-avr

Sections:
Idx Name          Size      VMA       LMA       File off  Algn
  0 .text         000001d4  00001e00  00001e00  00000074  2**1
                  CONTENTS, ALLOC, LOAD, READONLY, CODE
  1 .version      00000002  00001ffe  00001ffe  00000248  2**0
                  CONTENTS, READONLY
  2 .data         00000000  00800060  00001fd4  00000248  2**0
                  CONTENTS, ALLOC, LOAD, DATA
  3 .debug_aranges 00000028  00000000  00000000  0000024a  2**0
                  CONTENTS, READONLY, DEBUGGING
  4 .debug_info   00000290  00000000  00000000  00000272  2**0
                  CONTENTS, READONLY, DEBUGGING
  5 .debug_abbrev 00000176  00000000  00000000  00000502  2**0
                  CONTENTS, READONLY, DEBUGGING
  6 .debug_line   00000195  00000000  00000000  00000678  2**0
                  CONTENTS, READONLY, DEBUGGING
  7 .debug_frame  00000094  00000000  00000000  00000810  2**2
                  CONTENTS, READONLY, DEBUGGING
  8 .debug_str    00000139  00000000  00000000  000008a4  2**0
                  CONTENTS, READONLY, DEBUGGING
  9 .debug_loc    0000026e  00000000  00000000  000009dd  2**0
                  CONTENTS, READONLY, DEBUGGING
 10 .debug_ranges 00000048  00000000  00000000  00000c4b  2**0
                  CONTENTS, READONLY, DEBUGGING

Disassembly of section .text:

00001e00 <main>:
# define UART_SRL UBRR3L
# define UART_UDR UDR3
#endif

/* main program starts here */
int main(void) {
    1e00:	0f 92       	push	r0
    1e02:	cd b7       	in	r28, 0x3d	; 61
    1e04:	de b7       	in	r29, 0x3e	; 62
  //  SP points to RAMEND
  //  r1 contains zero
  //
  // If not, uncomment the following instructions:
  // cli();
  asm volatile ("clr __zero_reg__");
    1e06:	11 24       	eor	r1, r1
#ifdef __AVR_ATmega8__
  SP=RAMEND;  // This is done by hardware reset
    1e08:	8f e5       	ldi	r24, 0x5F	; 95
    1e0a:	94 e0       	ldi	r25, 0x04	; 4
    1e0c:	9e bf       	out	0x3e, r25	; 62
    1e0e:	8d bf       	out	0x3d, r24	; 61
#endif

  // Adaboot no-wait mod
  ch = MCUSR;
    1e10:	84 b7       	in	r24, 0x34	; 52
  MCUSR = 0;
    1e12:	14 be       	out	0x34, r1	; 52
  if (!(ch & _BV(EXTRF))) appStart(ch);
    1e14:	81 ff       	sbrs	r24, 1
    1e16:	d8 d0       	rcall	.+432    	; 0x1fc8 <appStart>

#if LED_START_FLASHES > 0
  // Set up Timer 1 for timeout counter
  TCCR1B = _BV(CS12) | _BV(CS10); // div 1024
    1e18:	85 e0       	ldi	r24, 0x05	; 5
    1e1a:	8e bd       	out	0x2e, r24	; 46
#endif
#ifndef SOFT_UART
#ifdef __AVR_ATmega8__
  UCSRA = _BV(U2X); //Double speed mode USART
    1e1c:	82 e0       	ldi	r24, 0x02	; 2
    1e1e:	8b b9       	out	0x0b, r24	; 11
  UCSRB = _BV(RXEN) | _BV(TXEN);  // enable Rx & Tx
    1e20:	88 e1       	ldi	r24, 0x18	; 24
    1e22:	8a b9       	out	0x0a, r24	; 10
  UCSRC = _BV(URSEL) | _BV(UCSZ1) | _BV(UCSZ0);  // config USART; 8N1
    1e24:	86 e8       	ldi	r24, 0x86	; 134
    1e26:	80 bd       	out	0x20, r24	; 32
  UBRRL = (uint8_t)( (F_CPU + BAUD_RATE * 4L) / (BAUD_RATE * 8L) - 1 );
    1e28:	82 e2       	ldi	r24, 0x22	; 34
    1e2a:	89 b9       	out	0x09, r24	; 9
  UART_SRL = (uint8_t)( (F_CPU + BAUD_RATE * 4L) / (BAUD_RATE * 8L) - 1 );
#endif
#endif

  // Set up watchdog to trigger after 500ms
  watchdogConfig(WATCHDOG_1S);
    1e2c:	8e e0       	ldi	r24, 0x0E	; 14
    1e2e:	b8 d0       	rcall	.+368    	; 0x1fa0 <watchdogConfig>

  /* Set LED pin as output */
  LED_DDR |= _BV(LED);
    1e30:	bd 9a       	sbi	0x17, 5	; 23
    1e32:	26 e0       	ldi	r18, 0x06	; 6
}

#if LED_START_FLASHES > 0
void flash_led(uint8_t count) {
  do {
    TCNT1 = -(F_CPU/(1024*16));
    1e34:	88 e1       	ldi	r24, 0x18	; 24
    1e36:	9e ef       	ldi	r25, 0xFE	; 254
    TIFR1 = _BV(TOV1);
    1e38:	54 e0       	ldi	r21, 0x04	; 4
    while(!(TIFR1 & _BV(TOV1)));
#ifdef __AVR_ATmega8__
    LED_PORT ^= _BV(LED);
    1e3a:	40 e2       	ldi	r20, 0x20	; 32
}

#if LED_START_FLASHES > 0
void flash_led(uint8_t count) {
  do {
    TCNT1 = -(F_CPU/(1024*16));
    1e3c:	9d bd       	out	0x2d, r25	; 45
    1e3e:	8c bd       	out	0x2c, r24	; 44
    TIFR1 = _BV(TOV1);
    1e40:	58 bf       	out	0x38, r21	; 56
    while(!(TIFR1 & _BV(TOV1)));
    1e42:	08 b6       	in	r0, 0x38	; 56
    1e44:	02 fe       	sbrs	r0, 2
    1e46:	fd cf       	rjmp	.-6      	; 0x1e42 <main+0x42>
#ifdef __AVR_ATmega8__
    LED_PORT ^= _BV(LED);
    1e48:	38 b3       	in	r19, 0x18	; 24
    1e4a:	34 27       	eor	r19, r20
    1e4c:	38 bb       	out	0x18, r19	; 24
}
#endif

// Watchdog functions. These are only safe with interrupts turned off.
void watchdogReset() {
  __asm__ __volatile__ (
    1e4e:	a8 95       	wdr
    1e50:	21 50       	subi	r18, 0x01	; 1
    LED_PORT ^= _BV(LED);
#else
    LED_PIN |= _BV(LED);
#endif
    watchdogReset();
  } while (--count);
    1e52:	a1 f7       	brne	.-24     	; 0x1e3c <main+0x3c>
    1e54:	00 e0       	ldi	r16, 0x00	; 0
    1e56:	10 e0       	ldi	r17, 0x00	; 0
      ch = SPM_PAGESIZE / 2;
      do {
        uint16_t a;
        a = *bufPtr++;
        a |= (*bufPtr++) << 8;
        __boot_page_fill_short((uint16_t)(void*)addrPtr,a);
    1e58:	ee 24       	eor	r14, r14
    1e5a:	e3 94       	inc	r14
        addrPtr += 2;
      } while (--ch);

      // Write from programming buffer
      __boot_page_write_short((uint16_t)(void*)address);
    1e5c:	e5 e0       	ldi	r30, 0x05	; 5
    1e5e:	de 2e       	mov	r13, r30
      boot_spm_busy_wait();

#if defined(RWWSRE)
      // Reenable read access to flash
      boot_rww_enable();
    1e60:	f1 e1       	ldi	r31, 0x11	; 17
    1e62:	cf 2e       	mov	r12, r31
      do *bufPtr++ = getch();
      while (--length);

      // If we are in NRWW section, page erase has to be delayed until now.
      // Todo: Take RAMPZ into account
      if (address >= NRWWSTART) __boot_page_erase_short((uint16_t)(void*)address);
    1e64:	a3 e0       	ldi	r26, 0x03	; 3
    1e66:	fa 2e       	mov	r15, r26
#endif

  /* Forever loop */
  for (;;) {
    /* get character from UART */
    ch = getch();
    1e68:	94 d0       	rcall	.+296    	; 0x1f92 <getch>

    if(ch == STK_GET_PARAMETER) {
    1e6a:	81 34       	cpi	r24, 0x41	; 65
    1e6c:	79 f4       	brne	.+30     	; 0x1e8c <main+0x8c>
      unsigned char which = getch();
    1e6e:	91 d0       	rcall	.+290    	; 0x1f92 <getch>
      verifySpace();
    1e70:	89 83       	std	Y+1, r24	; 0x01
    1e72:	9a d0       	rcall	.+308    	; 0x1fa8 <verifySpace>
      if (which == 0x82) {
    1e74:	89 81       	ldd	r24, Y+1	; 0x01
    1e76:	82 38       	cpi	r24, 0x82	; 130
    1e78:	11 f4       	brne	.+4      	; 0x1e7e <main+0x7e>
	/*
	 * Send optiboot version as "minor SW version"
	 */
	putch(OPTIBOOT_MINVER);
    1e7a:	86 e0       	ldi	r24, 0x06	; 6
    1e7c:	05 c0       	rjmp	.+10     	; 0x1e88 <main+0x88>
      } else if (which == 0x81) {
    1e7e:	81 38       	cpi	r24, 0x81	; 129
    1e80:	11 f4       	brne	.+4      	; 0x1e86 <main+0x86>
	  putch(OPTIBOOT_MAJVER);
    1e82:	84 e0       	ldi	r24, 0x04	; 4
    1e84:	01 c0       	rjmp	.+2      	; 0x1e88 <main+0x88>
      } else {
	/*
	 * GET PARAMETER returns a generic 0x03 reply for
         * other parameters - enough to keep Avrdude happy
	 */
	putch(0x03);
    1e86:	83 e0       	ldi	r24, 0x03	; 3
    1e88:	80 d0       	rcall	.+256    	; 0x1f8a <putch>
    1e8a:	7c c0       	rjmp	.+248    	; 0x1f84 <main+0x184>
      }
    }
    else if(ch == STK_SET_DEVICE) {
    1e8c:	82 34       	cpi	r24, 0x42	; 66
    1e8e:	11 f4       	brne	.+4      	; 0x1e94 <main+0x94>
      // SET DEVICE is ignored
      getNch(20);
    1e90:	84 e1       	ldi	r24, 0x14	; 20
    1e92:	03 c0       	rjmp	.+6      	; 0x1e9a <main+0x9a>
    }
    else if(ch == STK_SET_DEVICE_EXT) {
    1e94:	85 34       	cpi	r24, 0x45	; 69
    1e96:	19 f4       	brne	.+6      	; 0x1e9e <main+0x9e>
      // SET DEVICE EXT is ignored
      getNch(5);
    1e98:	85 e0       	ldi	r24, 0x05	; 5
    1e9a:	8e d0       	rcall	.+284    	; 0x1fb8 <getNch>
    1e9c:	73 c0       	rjmp	.+230    	; 0x1f84 <main+0x184>
    }
    else if(ch == STK_LOAD_ADDRESS) {
    1e9e:	85 35       	cpi	r24, 0x55	; 85
    1ea0:	69 f4       	brne	.+26     	; 0x1ebc <main+0xbc>
      // LOAD ADDRESS
      uint16_t newAddress;
      newAddress = getch();
    1ea2:	77 d0       	rcall	.+238    	; 0x1f92 <getch>
    1ea4:	88 2e       	mov	r8, r24
    1ea6:	99 24       	eor	r9, r9
      newAddress = (newAddress & 0xff) | (getch() << 8);
    1ea8:	74 d0       	rcall	.+232    	; 0x1f92 <getch>
    1eaa:	08 2f       	mov	r16, r24
    1eac:	10 e0       	ldi	r17, 0x00	; 0
    1eae:	10 2f       	mov	r17, r16
    1eb0:	00 27       	eor	r16, r16
    1eb2:	08 29       	or	r16, r8
    1eb4:	19 29       	or	r17, r9
#ifdef RAMPZ
      // Transfer top bit to RAMPZ
      RAMPZ = (newAddress & 0x8000) ? 1 : 0;
#endif
      newAddress += newAddress; // Convert from word address to byte address
    1eb6:	00 0f       	add	r16, r16
    1eb8:	11 1f       	adc	r17, r17
    1eba:	63 c0       	rjmp	.+198    	; 0x1f82 <main+0x182>
      address = newAddress;
      verifySpace();
    }
    else if(ch == STK_UNIVERSAL) {
    1ebc:	86 35       	cpi	r24, 0x56	; 86
    1ebe:	21 f4       	brne	.+8      	; 0x1ec8 <main+0xc8>
      // UNIVERSAL command is ignored
      getNch(4);
    1ec0:	84 e0       	ldi	r24, 0x04	; 4
    1ec2:	7a d0       	rcall	.+244    	; 0x1fb8 <getNch>
      putch(0x00);
    1ec4:	80 e0       	ldi	r24, 0x00	; 0
    1ec6:	e0 cf       	rjmp	.-64     	; 0x1e88 <main+0x88>
    }
    /* Write memory, length is big endian and is in bytes */
    else if(ch == STK_PROG_PAGE) {
    1ec8:	84 36       	cpi	r24, 0x64	; 100
    1eca:	09 f0       	breq	.+2      	; 0x1ece <main+0xce>
    1ecc:	3f c0       	rjmp	.+126    	; 0x1f4c <main+0x14c>
      // PROGRAM PAGE - we support flash programming only, not EEPROM
      uint8_t *bufPtr;
      uint16_t addrPtr;

      getch();			/* getlen() */
    1ece:	61 d0       	rcall	.+194    	; 0x1f92 <getch>
      length = getch();
    1ed0:	60 d0       	rcall	.+192    	; 0x1f92 <getch>
    1ed2:	b8 2e       	mov	r11, r24
      getch();
    1ed4:	5e d0       	rcall	.+188    	; 0x1f92 <getch>

      // If we are in RWW section, immediately start page erase
      if (address < NRWWSTART) __boot_page_erase_short((uint16_t)(void*)address);
    1ed6:	88 e1       	ldi	r24, 0x18	; 24
    1ed8:	00 30       	cpi	r16, 0x00	; 0
    1eda:	18 07       	cpc	r17, r24
    1edc:	18 f4       	brcc	.+6      	; 0x1ee4 <main+0xe4>
    1ede:	f8 01       	movw	r30, r16
    1ee0:	f7 be       	out	0x37, r15	; 55
    1ee2:	e8 95       	spm
    1ee4:	81 2c       	mov	r8, r1
    1ee6:	51 e0       	ldi	r21, 0x01	; 1
    1ee8:	95 2e       	mov	r9, r21

      // While that is going on, read in page contents
      bufPtr = buff;
      do *bufPtr++ = getch();
    1eea:	53 d0       	rcall	.+166    	; 0x1f92 <getch>
    1eec:	f4 01       	movw	r30, r8
    1eee:	81 93       	st	Z+, r24
    1ef0:	4f 01       	movw	r8, r30
      while (--length);
    1ef2:	be 16       	cp	r11, r30
    1ef4:	d1 f7       	brne	.-12     	; 0x1eea <main+0xea>

      // If we are in NRWW section, page erase has to be delayed until now.
      // Todo: Take RAMPZ into account
      if (address >= NRWWSTART) __boot_page_erase_short((uint16_t)(void*)address);
    1ef6:	f8 e1       	ldi	r31, 0x18	; 24
    1ef8:	00 30       	cpi	r16, 0x00	; 0
    1efa:	1f 07       	cpc	r17, r31
    1efc:	18 f0       	brcs	.+6      	; 0x1f04 <main+0x104>
    1efe:	f8 01       	movw	r30, r16
    1f00:	f7 be       	out	0x37, r15	; 55
    1f02:	e8 95       	spm

      // Read command terminator, start reply
      verifySpace();
    1f04:	51 d0       	rcall	.+162    	; 0x1fa8 <verifySpace>

      // If only a partial page is to be programmed, the erase might not be complete.
      // So check that here
      boot_spm_busy_wait();
    1f06:	07 b6       	in	r0, 0x37	; 55
    1f08:	00 fc       	sbrc	r0, 0
    1f0a:	fd cf       	rjmp	.-6      	; 0x1f06 <main+0x106>
    1f0c:	f8 01       	movw	r30, r16
    1f0e:	a0 e0       	ldi	r26, 0x00	; 0
    1f10:	b1 e0       	ldi	r27, 0x01	; 1
      bufPtr = buff;
      addrPtr = (uint16_t)(void*)address;
      ch = SPM_PAGESIZE / 2;
      do {
        uint16_t a;
        a = *bufPtr++;
    1f12:	2c 91       	ld	r18, X
    1f14:	30 e0       	ldi	r19, 0x00	; 0
        a |= (*bufPtr++) << 8;
    1f16:	11 96       	adiw	r26, 0x01	; 1
    1f18:	8c 91       	ld	r24, X
    1f1a:	11 97       	sbiw	r26, 0x01	; 1
    1f1c:	90 e0       	ldi	r25, 0x00	; 0
    1f1e:	98 2f       	mov	r25, r24
    1f20:	88 27       	eor	r24, r24
    1f22:	82 2b       	or	r24, r18
    1f24:	93 2b       	or	r25, r19
# define UART_SRL UBRR3L
# define UART_UDR UDR3
#endif

/* main program starts here */
int main(void) {
    1f26:	12 96       	adiw	r26, 0x02	; 2
      ch = SPM_PAGESIZE / 2;
      do {
        uint16_t a;
        a = *bufPtr++;
        a |= (*bufPtr++) << 8;
        __boot_page_fill_short((uint16_t)(void*)addrPtr,a);
    1f28:	0c 01       	movw	r0, r24
    1f2a:	e7 be       	out	0x37, r14	; 55
    1f2c:	e8 95       	spm
    1f2e:	11 24       	eor	r1, r1
        addrPtr += 2;
    1f30:	32 96       	adiw	r30, 0x02	; 2
      } while (--ch);
    1f32:	81 e0       	ldi	r24, 0x01	; 1
    1f34:	a0 34       	cpi	r26, 0x40	; 64
    1f36:	b8 07       	cpc	r27, r24
    1f38:	61 f7       	brne	.-40     	; 0x1f12 <main+0x112>

      // Write from programming buffer
      __boot_page_write_short((uint16_t)(void*)address);
    1f3a:	f8 01       	movw	r30, r16
    1f3c:	d7 be       	out	0x37, r13	; 55
    1f3e:	e8 95       	spm
      boot_spm_busy_wait();
    1f40:	07 b6       	in	r0, 0x37	; 55
    1f42:	00 fc       	sbrc	r0, 0
    1f44:	fd cf       	rjmp	.-6      	; 0x1f40 <main+0x140>

#if defined(RWWSRE)
      // Reenable read access to flash
      boot_rww_enable();
    1f46:	c7 be       	out	0x37, r12	; 55
    1f48:	e8 95       	spm
    1f4a:	1c c0       	rjmp	.+56     	; 0x1f84 <main+0x184>
#endif

    }
    /* Read memory block mode, length is big endian.  */
    else if(ch == STK_READ_PAGE) {
    1f4c:	84 37       	cpi	r24, 0x74	; 116
    1f4e:	61 f4       	brne	.+24     	; 0x1f68 <main+0x168>
      // READ PAGE - we only read flash
      getch();			/* getlen() */
    1f50:	20 d0       	rcall	.+64     	; 0x1f92 <getch>
      length = getch();
    1f52:	1f d0       	rcall	.+62     	; 0x1f92 <getch>
    1f54:	b8 2e       	mov	r11, r24
      getch();
    1f56:	1d d0       	rcall	.+58     	; 0x1f92 <getch>

      verifySpace();
    1f58:	27 d0       	rcall	.+78     	; 0x1fa8 <verifySpace>
        __asm__ ("elpm %0,Z+\n" : "=r" (ch), "=z" (address): "1" (address));
#else
        // read a Flash byte and increment the address
        __asm__ ("lpm %0,Z+\n" : "=r" (ch), "=z" (address): "1" (address));
#endif
        putch(ch);
    1f5a:	f8 01       	movw	r30, r16
    1f5c:	85 91       	lpm	r24, Z+
    1f5e:	8f 01       	movw	r16, r30
    1f60:	14 d0       	rcall	.+40     	; 0x1f8a <putch>
      } while (--length);
    1f62:	ba 94       	dec	r11
    1f64:	d1 f7       	brne	.-12     	; 0x1f5a <main+0x15a>
    1f66:	0e c0       	rjmp	.+28     	; 0x1f84 <main+0x184>
    }

    /* Get device signature bytes  */
    else if(ch == STK_READ_SIGN) {
    1f68:	85 37       	cpi	r24, 0x75	; 117
    1f6a:	39 f4       	brne	.+14     	; 0x1f7a <main+0x17a>
      // READ SIGN - return what Avrdude wants to hear
      verifySpace();
    1f6c:	1d d0       	rcall	.+58     	; 0x1fa8 <verifySpace>
      putch(SIGNATURE_0);
    1f6e:	8e e1       	ldi	r24, 0x1E	; 30
    1f70:	0c d0       	rcall	.+24     	; 0x1f8a <putch>
      putch(SIGNATURE_1);
    1f72:	83 e9       	ldi	r24, 0x93	; 147
    1f74:	0a d0       	rcall	.+20     	; 0x1f8a <putch>
      putch(SIGNATURE_2);
    1f76:	87 e0       	ldi	r24, 0x07	; 7
    1f78:	87 cf       	rjmp	.-242    	; 0x1e88 <main+0x88>
    }
    else if (ch == STK_LEAVE_PROGMODE) { /* 'Q' */
    1f7a:	81 35       	cpi	r24, 0x51	; 81
    1f7c:	11 f4       	brne	.+4      	; 0x1f82 <main+0x182>
      // Adaboot no-wait mod
      watchdogConfig(WATCHDOG_16MS);
    1f7e:	88 e0       	ldi	r24, 0x08	; 8
    1f80:	0f d0       	rcall	.+30     	; 0x1fa0 <watchdogConfig>
      verifySpace();
    }
    else {
      // This covers the response to commands like STK_ENTER_PROGMODE
      verifySpace();
    1f82:	12 d0       	rcall	.+36     	; 0x1fa8 <verifySpace>
    }
    putch(STK_OK);
    1f84:	80 e1       	ldi	r24, 0x10	; 16
    1f86:	01 d0       	rcall	.+2      	; 0x1f8a <putch>
  }
    1f88:	6f cf       	rjmp	.-290    	; 0x1e68 <main+0x68>

00001f8a <putch>:
}

void putch(char ch) {
#ifndef SOFT_UART
  while (!(UART_SRA & _BV(UDRE0)));
    1f8a:	5d 9b       	sbis	0x0b, 5	; 11
    1f8c:	fe cf       	rjmp	.-4      	; 0x1f8a <putch>
  UART_UDR = ch;
    1f8e:	8c b9       	out	0x0c, r24	; 12
      [uartBit] "I" (UART_TX_BIT)
    :
      "r25"
  );
#endif
}
    1f90:	08 95       	ret

00001f92 <getch>:
      [uartBit] "I" (UART_RX_BIT)
    :
      "r25"
);
#else
  while(!(UART_SRA & _BV(RXC0)))
    1f92:	5f 9b       	sbis	0x0b, 7	; 11
    1f94:	fe cf       	rjmp	.-4      	; 0x1f92 <getch>
    ;
  if (!(UART_SRA & _BV(FE0))) {
    1f96:	5c 99       	sbic	0x0b, 4	; 11
    1f98:	01 c0       	rjmp	.+2      	; 0x1f9c <getch+0xa>
}
#endif

// Watchdog functions. These are only safe with interrupts turned off.
void watchdogReset() {
  __asm__ __volatile__ (
    1f9a:	a8 95       	wdr
       * don't care that an invalid char is returned...)
       */
    watchdogReset();
  }
  
  ch = UART_UDR;
    1f9c:	8c b1       	in	r24, 0x0c	; 12
  LED_PIN |= _BV(LED);
#endif
#endif

  return ch;
}
    1f9e:	08 95       	ret

00001fa0 <watchdogConfig>:
    "wdr\n"
  );
}

void watchdogConfig(uint8_t x) {
  WDTCSR = _BV(WDCE) | _BV(WDE);
    1fa0:	98 e1       	ldi	r25, 0x18	; 24
    1fa2:	91 bd       	out	0x21, r25	; 33
  WDTCSR = x;
    1fa4:	81 bd       	out	0x21, r24	; 33
}
    1fa6:	08 95       	ret

00001fa8 <verifySpace>:
  do getch(); while (--count);
  verifySpace();
}

void verifySpace() {
  if (getch() != CRC_EOP) {
    1fa8:	f4 df       	rcall	.-24     	; 0x1f92 <getch>
    1faa:	80 32       	cpi	r24, 0x20	; 32
    1fac:	19 f0       	breq	.+6      	; 0x1fb4 <verifySpace+0xc>
    watchdogConfig(WATCHDOG_16MS);    // shorten WD timeout
    1fae:	88 e0       	ldi	r24, 0x08	; 8
    1fb0:	f7 df       	rcall	.-18     	; 0x1fa0 <watchdogConfig>
    1fb2:	ff cf       	rjmp	.-2      	; 0x1fb2 <verifySpace+0xa>
    while (1)			      // and busy-loop so that WD causes
      ;				      //  a reset and app start.
  }
  putch(STK_INSYNC);
    1fb4:	84 e1       	ldi	r24, 0x14	; 20
    1fb6:	e9 cf       	rjmp	.-46     	; 0x1f8a <putch>

00001fb8 <getNch>:
}
    1fb8:	cf 93       	push	r28
    ::[count] "M" (UART_B_VALUE)
  );
}
#endif

void getNch(uint8_t count) {
    1fba:	c8 2f       	mov	r28, r24
    1fbc:	ea df       	rcall	.-44     	; 0x1f92 <getch>
  do getch(); while (--count);
    1fbe:	c1 50       	subi	r28, 0x01	; 1
    1fc0:	e9 f7       	brne	.-6      	; 0x1fbc <getNch+0x4>
    1fc2:	f2 df       	rcall	.-28     	; 0x1fa8 <verifySpace>
  verifySpace();
    1fc4:	cf 91       	pop	r28
}
    1fc6:	08 95       	ret

00001fc8 <appStart>:
    1fc8:	28 2e       	mov	r2, r24

void appStart(uint8_t rstFlags) {
  // save the reset flags in the designated register
  //  This can be saved in a main program by putting code in .init0 (which
  //  executes before normal c init code) to save R2 to a global variable.
  __asm__ __volatile__ ("mov r2, %0\n" :: "r" (rstFlags));
    1fca:	80 e0       	ldi	r24, 0x00	; 0

  watchdogConfig(WATCHDOG_OFF);
    1fcc:	e9 df       	rcall	.-46     	; 0x1fa0 <watchdogConfig>
    1fce:	ee 27       	eor	r30, r30
  __asm__ __volatile__ (
    1fd0:	ff 27       	eor	r31, r31
    1fd2:	09 94       	ijmp
